###############################################################################
#
# IAR ELF Linker V9.30.1.335/W64 for ARM                  28/Dec/2022  21:56:17
# Copyright 2007-2022 IAR Systems AB.
#
#    Output file  =  F:\F_Downloads\LCD_Files\Debug\Exe\Test_2.out
#    Map file     =  F:\F_Downloads\LCD_Files\Debug\List\Test_2.map
#    Command line =
#        -f F:\F_Downloads\LCD_Files\Debug\Exe\Test_2.out.rsp
#        (F:\F_Downloads\LCD_Files\Debug\Obj\Buzzer.o
#        F:\F_Downloads\LCD_Files\Debug\Obj\cpu.o
#        F:\F_Downloads\LCD_Files\Debug\Obj\Delay.o
#        F:\F_Downloads\LCD_Files\Debug\Obj\DIO.o
#        F:\F_Downloads\LCD_Files\Debug\Obj\gpio.o
#        F:\F_Downloads\LCD_Files\Debug\Obj\interrupt.o
#        F:\F_Downloads\LCD_Files\Debug\Obj\keypad.o
#        F:\F_Downloads\LCD_Files\Debug\Obj\lcd.o
#        F:\F_Downloads\LCD_Files\Debug\Obj\main_.o
#        F:\F_Downloads\LCD_Files\Debug\Obj\startup_ewarm.o
#        F:\F_Downloads\LCD_Files\Debug\Obj\sysctl.o
#        F:\F_Downloads\LCD_Files\Debug\Obj\Timer0.o
#        F:\F_Downloads\LCD_Files\Debug\Obj\Timer1.o
#        F:\F_Downloads\LCD_Files\Debug\Obj\tm4c123gh6pm_startup_ccs.o
#        --redirect _Printf=_PrintfFullNoMb --redirect _Scanf=_ScanfFullNoMb
#        --no_out_extension -o F:\F_Downloads\LCD_Files\Debug\Exe\Test_2.out
#        --map F:\F_Downloads\LCD_Files\Debug\List\Test_2.map --config
#        D:\IAR\arm/config/linker/TexasInstruments/TM4C123GH6.icf --semihosting
#        C:\ti\TivaWare_C_Series-2.0\driverlib\ewarm\Exe\driverlib.a --entry
#        __iar_program_start --vfe --text_out locale --cpu=Cortex-M4
#        --fpu=VFPv4_sp)
#
###############################################################################

*******************************************************************************
*** MESSAGES
***

Warning[Lt009]: Inconsistent wchar_t size
            cpu.o(driverlib.a) has wchar_t size 16 bits
            Buzzer.o and 26 other objects, some of them in dl7M_tln.a and 11
                      other libraries have wchar_t size 32 bits


*******************************************************************************
*** RUNTIME MODEL ATTRIBUTES
***

CppFlavor       = *
__CPP_Runtime   = 1
__SystemLibrary = DLib
__dlib_version  = 6


*******************************************************************************
*** HEAP SELECTION
***

The basic heap was selected because --advanced_heap
was not specified and the application did not appear to
be primarily optimized for speed.


*******************************************************************************
*** PLACEMENT SUMMARY
***

"A0":  place at address 0x0 { ro section .intvec };
"P1":  place in [from 0x0 to 0x3'ffff] { ro };
define block CSTACK with size = 4K, alignment = 8 { };
define block HEAP with size = 8K, alignment = 8 { };
"P2":  place in [from 0x2000'0000 to 0x2000'7fff] {
          rw, block CSTACK, block HEAP };
do not initialize { rw section .noinit };
initialize by copy { rw };

  Section            Kind         Address    Size  Object
  -------            ----         -------    ----  ------
"A0":                                       0x26c
  .intvec            const            0x0   0x26c  startup_ewarm.o [1]
                                  - 0x26c   0x26c

"P1":                                      0x14f8
  .text              ro code        0x26c   0x93c  main_.o [1]
  .text              ro code        0xba8   0x2b8  lcd.o [1]
  .text              ro code        0xe60    0x64  Buzzer.o [1]
  .text              ro code        0xec4    0x1a  Delay.o [1]
  .text              ro code        0xede    0x2a  copy_init3.o [5]
  .text              ro code        0xf08    0x98  Timer0.o [1]
  .text              ro code        0xfa0   0x154  sysctl.o [1]
  .text              ro code       0x10f4    0xd4  keypad.o [1]
  .text              ro code       0x11c8    0x8c  Timer1.o [1]
  .text              ro code       0x1254   0x300  gpio.o [1]
  .text              ro code       0x1554    0x36  strlen.o [5]
  .text              ro code       0x158a    0x38  zero_init3.o [5]
  .text              ro code       0x15c4    0x28  data_init.o [5]
  .text              ro code       0x15ec    0x22  fpinit_M.o [4]
  .iar.init_table    const         0x1610    0x24  - Linker created -
  .text              ro code       0x1634    0x1e  startup_ewarm.o [1]
  .text              ro code       0x1654    0x1c  cstartup_M.o [5]
  .text              ro code       0x1670    0x1e  cmain.o [5]
  .text              ro code       0x168e     0x4  low_level_init.o [2]
  .text              ro code       0x1692     0x4  exit.o [2]
  .text              ro code       0x1698     0xa  cexit.o [5]
  .text              ro code       0x16a4    0x14  exit.o [6]
  Initializer bytes  const         0x16b8    0x1c  <for P2-1>
  .rodata            const         0x16d4    0x14  main_.o [1]
  .rodata            const         0x16e8    0x10  keypad.o [1]
  .rodata            const         0x16f8    0x10  main_.o [1]
  .rodata            const         0x1708    0x10  main_.o [1]
  .rodata            const         0x1718     0xc  lcd.o [1]
  .rodata            const         0x1724     0xc  main_.o [1]
  .rodata            const         0x1730     0xc  main_.o [1]
  .rodata            const         0x173c     0xc  main_.o [1]
  .rodata            const         0x1748     0xc  main_.o [1]
  .rodata            const         0x1754     0x8  main_.o [1]
  .rodata            const         0x175c     0x8  main_.o [1]
  .rodata            const         0x1764     0x0  zero_init3.o [5]
  .rodata            const         0x1764     0x0  copy_init3.o [5]
                                 - 0x1764  0x14f8

"P2", part 1 of 3:                           0x1c
  P2-1                        0x2000'0000    0x1c  <Init block>
    .data            inited   0x2000'0000    0x1c  main_.o [1]
                            - 0x2000'001c    0x1c

"P2", part 2 of 3:                           0x58
  .bss               zero     0x2000'001c     0xc  main_.o [1]
  .bss               zero     0x2000'0028     0xc  main_.o [1]
  .bss               zero     0x2000'0034     0x4  main_.o [1]
  .bss               zero     0x2000'0038     0x4  main_.o [1]
  .bss               zero     0x2000'003c     0x4  main_.o [1]
  .bss               zero     0x2000'0040     0x4  main_.o [1]
  .bss               zero     0x2000'0044     0x4  main_.o [1]
  .bss               zero     0x2000'0048     0x4  main_.o [1]
  .bss               zero     0x2000'004c     0x4  main_.o [1]
  .bss               zero     0x2000'0050     0x4  main_.o [1]
  .bss               zero     0x2000'0054     0x4  main_.o [1]
  .bss               zero     0x2000'0058     0x4  main_.o [1]
  .bss               zero     0x2000'005c     0x4  main_.o [1]
  .bss               zero     0x2000'0060     0x4  main_.o [1]
  .bss               zero     0x2000'0064     0x4  Timer0.o [1]
  .bss               zero     0x2000'0068     0x4  Timer1.o [1]
  .bss               zero     0x2000'006c     0x1  main_.o [1]
  .bss               zero     0x2000'006d     0x1  main_.o [1]
  .bss               zero     0x2000'006e     0x1  main_.o [1]
  .bss               zero     0x2000'006f     0x1  main_.o [1]
  .bss               zero     0x2000'0070     0x1  main_.o [1]
  .bss               zero     0x2000'0071     0x1  main_.o [1]
  .bss               zero     0x2000'0072     0x1  main_.o [1]
                            - 0x2000'0073    0x57

"P2", part 3 of 3:                          0x100
  .noinit            uninit   0x2000'0074   0x100  startup_ewarm.o [1]
                            - 0x2000'0174   0x100

Unused ranges:

         From           To      Size
         ----           --      ----
       0x1764     0x3'ffff  0x3'e89c
  0x2000'0174  0x2000'7fff    0x7e8c


*******************************************************************************
*** INIT TABLE
***

          Address      Size
          -------      ----
Zero (__iar_zero_init3)
    1 destination range, total size 0x57:
          0x2000'001c  0x57

Copy (__iar_copy_init3)
    1 source range, total size 0x1c:
               0x16b8  0x1c
    1 destination range, total size 0x1c:
          0x2000'0000  0x1c



*******************************************************************************
*** MODULE SUMMARY
***

    Module            ro code  ro data  rw data
    ------            -------  -------  -------
command line/config:
    -------------------------------------------
    Total:

F:\F_Downloads\LCD_Files\Debug\Obj: [1]
    Buzzer.o              100
    Delay.o                26
    Timer0.o              152                 4
    Timer1.o              140                 4
    gpio.o                768
    keypad.o              212       16
    lcd.o                 696       12
    main_.o             2'364      144      107
    startup_ewarm.o        30      620      256
    sysctl.o              340
    -------------------------------------------
    Total:              4'828      792      371

dl7M_tln.a: [2]
    exit.o                  4
    low_level_init.o        4
    -------------------------------------------
    Total:                  8

driverlib.a: [3]
    -------------------------------------------
    Total:

m7M_tls.a: [4]
    fpinit_M.o             34
    -------------------------------------------
    Total:                 34

rt7M_tl.a: [5]
    cexit.o                10
    cmain.o                30
    copy_init3.o           42
    cstartup_M.o           28
    data_init.o            40
    strlen.o               54
    zero_init3.o           56
    -------------------------------------------
    Total:                260

shb_l.a: [6]
    exit.o                 20
    -------------------------------------------
    Total:                 20

    Gaps                    8        2
    Linker created                  36
-----------------------------------------------
    Grand Total:        5'158      830      371


*******************************************************************************
*** ENTRY LIST
***

Entry                       Address   Size  Type      Object
-----                       -------   ----  ----      ------
.iar.init_table$$Base        0x1610          --   Gb  - Linker created -
.iar.init_table$$Limit       0x1634          --   Gb  - Linker created -
?main                        0x1671         Code  Gb  cmain.o [5]
Buzzer_init                   0xe61   0x30  Code  Gb  Buzzer.o [1]
Buzzer_off                    0xe9d    0xc  Code  Gb  Buzzer.o [1]
Buzzer_on                     0xe91    0xc  Code  Gb  Buzzer.o [1]
FaultISR                     0x164f    0x2  Code  Lc  startup_ewarm.o [1]
GPIOD_Handler                 0x2dd   0x1e  Code  Gb  main_.o [1]
GPIODirModeSet               0x1255   0x4e  Code  Gb  gpio.o [1]
GPIOPadConfigSet             0x12a3  0x276  Code  Gb  gpio.o [1]
GPIOPinTypeGPIOOutput        0x1525   0x22  Code  Gb  gpio.o [1]
GPIOPinWrite                 0x1519    0xc  Code  Gb  gpio.o [1]
IntDefaultHandler            0x1651    0x2  Code  Lc  startup_ewarm.o [1]
LCD_Clear                     0xda5   0x10  Code  Gb  lcd.o [1]
LCD_Command                   0xc7f   0x78  Code  Gb  lcd.o [1]
LCD_Cursor                    0xd6d   0x38  Code  Gb  lcd.o [1]
LCD_Print                     0xdb5   0x3a  Code  Gb  lcd.o [1]
LCD_Show                      0xcf7   0x76  Code  Gb  lcd.o [1]
LCD_Write_Integer             0xdef   0x5c  Code  Gb  lcd.o [1]
LCD_errormsg                  0xe4b    0xa  Code  Gb  lcd.o [1]
LCD_init                      0xbc3   0xbc  Code  Gb  lcd.o [1]
NmiSR                        0x164d    0x2  Code  Lc  startup_ewarm.o [1]
Region$$Table$$Base          0x1610          --   Gb  - Linker created -
Region$$Table$$Limit         0x1634          --   Gb  - Linker created -
ResetISR                     0x1635   0x12  Code  Gb  startup_ewarm.o [1]
SysCtlClockSet                0xfbf  0x108  Code  Gb  sysctl.o [1]
SysCtlDelay                   0xba9   0x1a  Code  Gb  lcd.o [1]
SysCtlPeripheralEnable        0xfa1   0x1e  Code  Gb  sysctl.o [1]
Timer0A_Deinit                0xf53    0x8  Code  Gb  Timer0.o [1]
Timer0A_Handler               0xf5b   0x16  Code  Gb  Timer0.o [1]
Timer0A_Init                  0xf09   0x4a  Code  Gb  Timer0.o [1]
Timer0_SetCallBack            0xf71    0x6  Code  Gb  Timer0.o [1]
Timer1A_Handler              0x1211   0x16  Code  Gb  Timer1.o [1]
Timer1A_Init                 0x11c9   0x48  Code  Gb  Timer1.o [1]
Timer1_SetCallBack           0x1227    0x6  Code  Gb  Timer1.o [1]
Timer_mode                    0x3db   0x4e  Code  Gb  main_.o [1]
__cmain                      0x1671         Code  Gb  cmain.o [5]
__exit                       0x16a5   0x14  Code  Gb  exit.o [6]
__iar_copy_init3              0xedf   0x2a  Code  Gb  copy_init3.o [5]
__iar_data_init3             0x15c5   0x28  Code  Gb  data_init.o [5]
__iar_init_vfp               0x15ed         Code  Gb  fpinit_M.o [4]
__iar_program_start          0x1655         Code  Gb  cstartup_M.o [5]
__iar_zero_init3             0x158b   0x38  Code  Gb  zero_init3.o [5]
__low_level_init             0x168f    0x4  Code  Gb  low_level_init.o [2]
__vector_table                  0x0  0x26c  Data  Gb  startup_ewarm.o [1]
_call_main                   0x167d         Code  Gb  cmain.o [5]
_exit                        0x1699         Code  Gb  cexit.o [5]
addition                      0x2fb    0xc  Code  Gb  main_.o [1]
arr2                    0x2000'0000   0x1c  Data  Gb  main_.o [1]
c1                      0x2000'0044    0x4  Data  Gb  main_.o [1]
c2                      0x2000'0048    0x4  Data  Gb  main_.o [1]
clear_data                    0x355   0x5e  Code  Gb  main_.o [1]
delay_ms                      0xec5   0x1a  Code  Gb  Delay.o [1]
divide                        0x31f   0x36  Code  Gb  main_.o [1]
exit                         0x1693    0x4  Code  Gb  exit.o [2]
flag                    0x2000'0060    0x4  Data  Gb  main_.o [1]
g_Timer0_Call_Back_Ptr  0x2000'0064    0x4  Data  Lc  Timer0.o [1]
g_Timer1_Call_Back_Ptr  0x2000'0068    0x4  Data  Lc  Timer1.o [1]
i                       0x2000'0038    0x4  Data  Gb  main_.o [1]
init                          0x26d   0x70  Code  Gb  main_.o [1]
key                     0x2000'0072    0x1  Data  Gb  main_.o [1]
key_1                   0x2000'006c    0x1  Data  Gb  main_.o [1]
keypad_Init                  0x10f5   0x56  Code  Gb  keypad.o [1]
keypad_getkey                0x114b   0x50  Code  Gb  keypad.o [1]
main                          0x435  0x694  Code  Gb  main_.o [1]
minutes                 0x2000'0054    0x4  Data  Gb  main_.o [1]
minutes1                0x2000'006f    0x1  Data  Gb  main_.o [1]
minutes2                0x2000'0071    0x1  Data  Gb  main_.o [1]
minutes_                0x2000'005c    0x4  Data  Gb  main_.o [1]
multiplication                0x313    0xc  Code  Gb  main_.o [1]
num1                    0x2000'003c    0x4  Data  Gb  main_.o [1]
num2                    0x2000'0040    0x4  Data  Gb  main_.o [1]
num_1                   0x2000'001c    0xc  Data  Gb  main_.o [1]
num_2                   0x2000'0028    0xc  Data  Gb  main_.o [1]
operation               0x2000'006d    0x1  Data  Gb  main_.o [1]
pui32Stack              0x2000'0074  0x100  Data  Lc  startup_ewarm.o [1]
result                  0x2000'004c    0x4  Data  Gb  main_.o [1]
seconds                 0x2000'0050    0x4  Data  Gb  main_.o [1]
seconds1                0x2000'006e    0x1  Data  Gb  main_.o [1]
seconds2                0x2000'0070    0x1  Data  Gb  main_.o [1]
seconds_                0x2000'0058    0x4  Data  Gb  main_.o [1]
stop_watch                    0x429    0xc  Code  Gb  main_.o [1]
storing                       0x3b3   0x28  Code  Gb  main_.o [1]
strlen                       0x1555         Code  Gb  strlen.o [5]
subtraction                   0x307    0xc  Code  Gb  main_.o [1]
symbol                       0x16e8   0x10  Data  Gb  keypad.o [1]
x                       0x2000'0034    0x4  Data  Gb  main_.o [1]


[1] = F:\F_Downloads\LCD_Files\Debug\Obj
[2] = dl7M_tln.a
[3] = driverlib.a
[4] = m7M_tls.a
[5] = rt7M_tl.a
[6] = shb_l.a

  5'158 bytes of readonly  code memory
    830 bytes of readonly  data memory
    371 bytes of readwrite data memory

Errors: none
Warnings: 1
